Microchip MPLAB XC8 Compiler V2.41

Linker command line:

-W-3 --edf=D:\XC8\pic\dat\20230208172133_en.msgs -cn \
  -h+dist/default/production\Keypad_Project.X.production.sym \
  --cmf=dist/default/production\Keypad_Project.X.production.cmf -z -Q16F877 \
  -oC:\Users\hance\AppData\Local\Temp\xcAshr4.\driver_tmp_3.o \
  --defsym=__MPLAB_BUILD=1 --fixupoverflow=error \
  -Mdist/default/production/Keypad_Project.X.production.map \
  --md=C:\Users\hance\AppData\Local\Temp\xcAshr4.\driver_tmp_0.dat -E1 \
  -ver=XC8 Compiler --acfsm=1493 -ACODE=00h-07FFhx4 -ASTRCODE=00h-01FFFh \
  -ASTRING=00h-0FFhx32 -ACONST=00h-0FFhx32 -AENTRY=00h-0FFhx32 \
  -ACOMMON=070h-07Fh -ABANK0=020h-06Fh -ABANK1=0A0h-0EFh \
  -ABANK2=0110h-016Fh -ABANK3=0190h-01EFh \
  -ARAM=020h-06Fh,0A0h-0EFh,0110h-016Fh,0190h-01EFh \
  -AABS1=020h-07Fh,0A0h-0EFh,0110h-016Fh,0190h-01EFh -ASFR0=00h-01Fh \
  -ASFR1=080h-09Fh -ASFR2=0100h-010Fh -ASFR3=0180h-018Fh \
  -ACONFIG=02007h-02007h -DCONFIG=2 -AIDLOC=02000h-02003h -DIDLOC=2 \
  -AEEDATA=00h-0FFh/02100h -peeprom_data=EEDATA -DEEDATA=2 -DCODE=2 \
  -DSTRCODE=2 -DSTRING=2 -DCONST=2 -DENTRY=2 \
  -preset_vec=00h,intentry,init,end_init -ppowerup=CODE -pcinit=CODE \
  -pfunctab=ENTRY -k \
  C:\Users\hance\AppData\Local\Temp\xcAshr4.\driver_tmp_12.o \
  dist/default/production\Keypad_Project.X.production.o 

Object code version is 3.11

Machine type is 16F877



                Name                               Link     Load   Length Selector   Space Scale
C:\Users\hance\AppData\Local\Temp\xcAshr4.\driver_tmp_12.o
                end_init                              0        0        3        0       0
                config                             2007     2007        1        0       4
                idloc                              2000     2000        4        0       5
dist/default/production\Keypad_Project.X.production.o
                cinit                               7EC      7EC       14      FD8       0
                config                             2007     2007        1        0       4
                idloc                              2000     2000        4        0       5
                maintext                            773      773       79      EE6       0
                cstackCOMMON                         72       72        2       70       1
                inittext                            74A      74A       13      E94       0
                dataBANK0                            20       20       16       20       1
                bssCOMMON                            70       70        2       70       1
                idataBANK0                          75D      75D       16      EBA       0

TOTAL           Name                               Link     Load   Length     Space
        CLASS   CODE           
                end_init                              0        0        3         0
                cinit                               7EC      7EC       14         0
                maintext                            773      773       79         0
                inittext                            74A      74A       13         0
                idataBANK0                          75D      75D       16         0

        CLASS   STRCODE        

        CLASS   STRING         

        CLASS   CONST          

        CLASS   ENTRY          

        CLASS   COMMON         
                cstackCOMMON                         72       72        2         1
                bssCOMMON                            70       70        2         1

        CLASS   BANK0          
                dataBANK0                            20       20       16         1

        CLASS   BANK1          

        CLASS   BANK2          

        CLASS   BANK3          

        CLASS   RAM            

        CLASS   ABS1           
                abs_s1                               7E       7E        2         1

        CLASS   SFR0           

        CLASS   SFR1           

        CLASS   SFR2           

        CLASS   SFR3           

        CLASS   CONFIG         
                config                             2007     2007        1         4

        CLASS   IDLOC          
                idloc                              2000     2000        4         5

        CLASS   EEDATA         

        CLASS   STACK          



SEGMENTS        Name                           Load    Length   Top    Selector   Space  Class     Delta

                reset_vec                      000000  000003  000003         0       0  CODE        2
                dataBANK0                      000020  000016  000036        20       1  BANK0       1
                bssCOMMON                      000070  000004  000074        70       1  COMMON      1
                inittext                       00074A  000013  00075D       E94       0  CODE        2
                idataBANK0                     00075D  000016  000773       EBA       0  CODE        2
                maintext                       000773  000079  0007EC       EE6       0  CODE        2
                cinit                          0007EC  000014  000800       FD8       0  CODE        2


UNUSED ADDRESS RANGES

        Name                Unused          Largest block    Delta
        BANK0            0036-006F             3A           1
        BANK1            00A0-00EF             50           1
        BANK2            0110-016F             60           1
        BANK3            0190-01EF             60           1
        CODE             0003-0749            747           2
                         0800-1FFF            800
        COMMON           0074-007D              A           1
        CONST            0003-0749            100           2
                         0800-1FFF            100
        EEDATA           2100-21FF            100           2
        ENTRY            0003-0749            100           2
                         0800-1FFF            100
        RAM              0036-006F             3A           1
                         00A0-00EF             50
                         0110-016F             60
                         0190-01EF             60
        SFR0             0000-001F             20           1
        SFR1             0080-009F             20           1
        SFR2             0100-010F             10           1
        SFR3             0180-018F             10           1
        STRCODE          0003-0749            747           2
                         0800-1FFF           1800
        STRING           0003-0749            100           2
                         0800-1FFF            100

                                  Symbol Table

_PORTB                   (abs)        0006
_PORTD                   (abs)        0008
_RB0                     (abs)        0030
_RB1                     (abs)        0031
_RB2                     (abs)        0032
_TRISB                   (abs)        0086
_TRISD                   (abs)        0088
__H__absolute__          __absolute__ 0000
__Habs1                  abs1         0000
__Hbank0                 bank0        0000
__Hbank1                 bank1        0000
__Hbank2                 bank2        0000
__Hbank3                 bank3        0000
__HbssCOMMON             bssCOMMON    0000
__Hcinit                 cinit        0800
__Hclrtext               clrtext      0000
__Hcode                  code         0000
__Hcommon                common       0000
__Hconfig                config       2008
__HcstackCOMMON          cstackCOMMON 0000
__HdataBANK0             dataBANK0    0000
__Heeprom_data           eeprom_data  0000
__Hend_init              end_init     0003
__Hfunctab               functab      0000
__HidataBANK0            idataBANK0   0000
__Hidloc                 idloc        2004
__Hinit                  init         0000
__Hinittext              inittext     0000
__Hintentry              intentry     0000
__Hmaintext              maintext     0000
__Hpowerup               powerup      0000
__Hram                   ram          0000
__Hreset_vec             reset_vec    0000
__Hsfr0                  sfr0         0000
__Hsfr1                  sfr1         0000
__Hsfr2                  sfr2         0000
__Hsfr3                  sfr3         0000
__Hspace_0               (abs)        0800
__Hspace_1               (abs)        0074
__Hspace_2               (abs)        0000
__Hspace_3               (abs)        0000
__Hspace_4               (abs)        400F
__Hstack                 stack        0000
__Hstrings               strings      0000
__Htext                  text         0000
__L__absolute__          __absolute__ 0000
__Labs1                  abs1         0000
__Lbank0                 bank0        0000
__Lbank1                 bank1        0000
__Lbank2                 bank2        0000
__Lbank3                 bank3        0000
__LbssCOMMON             bssCOMMON    0000
__Lcinit                 cinit        07EC
__Lclrtext               clrtext      0000
__Lcode                  code         0000
__Lcommon                common       0000
__Lconfig                config       0000
__LcstackCOMMON          cstackCOMMON 0000
__LdataBANK0             dataBANK0    0000
__Leeprom_data           eeprom_data  0000
__Lend_init              end_init     0000
__Lfunctab               functab      0000
__LidataBANK0            idataBANK0   0000
__Lidloc                 idloc        0000
__Linit                  init         0000
__Linittext              inittext     0000
__Lintentry              intentry     0000
__Lmaintext              maintext     0000
__Lpowerup               powerup      0000
__Lram                   ram          0000
__Lreset_vec             reset_vec    0000
__Lsfr0                  sfr0         0000
__Lsfr1                  sfr1         0000
__Lsfr2                  sfr2         0000
__Lsfr3                  sfr3         0000
__Lspace_0               (abs)        0000
__Lspace_1               (abs)        0000
__Lspace_2               (abs)        0000
__Lspace_3               (abs)        0000
__Lspace_4               (abs)        0000
__Lstack                 stack        0000
__Lstrings               strings      0000
__Ltext                  text         0000
__S0                     (abs)        0800
__S1                     (abs)        0074
__S3                     (abs)        0000
___int_sp                stack        0000
___latbits               (abs)        0002
___sp                    stack        0000
___stackhi               (abs)        0000
___stacklo               (abs)        0000
__end_of__initialization cinit        07FC
__end_of_main            maintext     07EC
__initialization         cinit        07EC
__pbssCOMMON             bssCOMMON    0070
__pcstackCOMMON          cstackCOMMON 0072
__pdataBANK0             dataBANK0    0020
__pidataBANK0            idataBANK0   075D
__pmaintext              maintext     0773
_main                    maintext     0773
_sayi                    dataBANK0    0020
_tus                     bssCOMMON    0070
btemp                    (abs)        007E
end_of_initialization    cinit        07FC
init_fetch0              inittext     074A
init_ram0                inittext     074E
intlevel0                functab      0000
intlevel1                functab      0000
intlevel2                functab      0000
intlevel3                functab      0000
intlevel4                functab      0000
intlevel5                functab      0000
reset_vec                reset_vec    0000
start                    init         0000
start_initialization     cinit        07EC
wtemp0                   (abs)        007E


MODULE INFORMATION

Module		Function		Class		Link	Load	Size
shared
		__initialization		CODE           	07EC	0000	16

shared estimated size: 16

Keypad_Project.c
		_main          		CODE           	0773	0000	121

Keypad_Project.c estimated size: 121

