Microchip MPLAB XC8 Compiler V2.41

Linker command line:

-W-3 --edf=D:\XC8\pic\dat\20230208172133_en.msgs -cn \
  -h+dist/default/production\PORTB_KES.X.production.sym \
  --cmf=dist/default/production\PORTB_KES.X.production.cmf -z -Q16F84A \
  -oC:\Users\hance\AppData\Local\Temp\xcAsjc4.\driver_tmp_3.o \
  --defsym=__MPLAB_BUILD=1 --fixupoverflow=error \
  -Mdist/default/production/PORTB_KES.X.production.map \
  --md=C:\Users\hance\AppData\Local\Temp\xcAsjc4.\driver_tmp_0.dat -E1 \
  -ver=XC8 Compiler --acfsm=1493 -ACODE=00h-03FFh -ASTRCODE=00h-03FFh \
  -ASTRING=00h-0FFhx4 -ACONST=00h-0FFhx4 -AENTRY=00h-0FFhx4 \
  -ABANK0=0Ch-04Dh -ARAM=0Ch-04Dh -AABS1=0Ch-04Fh -ACOMMON=04Eh-04Fh \
  -ASFR0=00h-0Bh -ASFR1=080h-0CDh -ACONFIG=02007h-02007h -DCONFIG=2 \
  -AIDLOC=02000h-02003h -DIDLOC=2 -AEEDATA=00h-03Fh/02100h \
  -peeprom_data=EEDATA -DEEDATA=2 -DCODE=2 -DSTRCODE=2 -DSTRING=2 -DCONST=2 \
  -DENTRY=2 -preset_vec=00h,intentry=04h,init,end_init -ppowerup=CODE \
  -pcinit=CODE -pfunctab=ENTRY -k \
  C:\Users\hance\AppData\Local\Temp\xcAsjc4.\driver_tmp_12.o \
  dist/default/production\PORTB_KES.X.production.o 

Object code version is 3.11

Machine type is 16F84A



                Name                               Link     Load   Length Selector   Space Scale
C:\Users\hance\AppData\Local\Temp\xcAsjc4.\driver_tmp_12.o
                end_init                              B        B        1        8       0
                reset_vec                             0        0        1        0       0
                config                             2007     2007        1        0       4
                idloc                              2000     2000        4        0       5
dist/default/production\PORTB_KES.X.production.o
                cinit                                 C        C        2        8       0
                intentry                              4        4        7        8       0
                config                             2007     2007        1        0       4
                idloc                              2000     2000        4        0       5
                text1                                 E        E       35        8       0
                maintext                             43       43       28        8       0
                cstackBANK0                           C        C        8        C       1

TOTAL           Name                               Link     Load   Length     Space
        CLASS   CODE           
                end_init                              B        B        1         0
                cinit                                 C        C        2         0
                intentry                              4        4        7         0
                reset_vec                             0        0        1         0
                text1                                 E        E       35         0
                maintext                             43       43       28         0

        CLASS   STRCODE        

        CLASS   STRING         

        CLASS   CONST          

        CLASS   ENTRY          

        CLASS   BANK0          
                cstackBANK0                           C        C        8         1

        CLASS   RAM            

        CLASS   ABS1           
                abs_s1                               4E       4E        2         1

        CLASS   COMMON         

        CLASS   SFR0           

        CLASS   SFR1           

        CLASS   CONFIG         
                config                             2007     2007        1         4

        CLASS   IDLOC          
                idloc                              2000     2000        4         5

        CLASS   EEDATA         

        CLASS   BANK1          

        CLASS   STACK          



SEGMENTS        Name                           Load    Length   Top    Selector   Space  Class     Delta

                reset_vec                      000000  000001  000001         0       0  CODE        2
                intentry                       000004  000067  00006B         8       0  CODE        2
                cstackBANK0                    00000C  000008  000014         C       1  BANK0       1


UNUSED ADDRESS RANGES

        Name                Unused          Largest block    Delta
        BANK0            0014-004D             3A           1
        CODE             0001-0003              3           2
                         006B-03FF            395
        CONST            0001-0003              3           2
                         006B-03FF            100
        EEDATA           2100-213F             40           2
        ENTRY            0001-0003              3           2
                         006B-03FF            100
        RAM              0014-004D             3A           1
        SFR0             0000-000B              C           1
        SFR1             0080-00CD             4E           1
        STRCODE          0001-0003              3           2
                         006B-03FF            395
        STRING           0001-0003              3           2
                         006B-03FF            100

                                  Symbol Table

_GIE                     (abs)        005F
_KESME                   text1        000E
_PORTA                   (abs)        0005
_RA0                     (abs)        0028
_RB1                     (abs)        0031
_RB4                     (abs)        0034
_RB5                     (abs)        0035
_RB6                     (abs)        0036
_RB7                     (abs)        0037
_RBIE                    (abs)        005B
_RBIF                    (abs)        0058
_TRISA                   (abs)        0085
_TRISB                   (abs)        0086
__H__absolute__          __absolute__ 0000
__Habs1                  abs1         0000
__Hbank0                 bank0        0000
__Hbank1                 bank1        0000
__Hcinit                 cinit        000E
__Hclrtext               clrtext      0000
__Hcode                  code         0000
__Hcommon                common       0000
__Hconfig                config       2008
__HcstackBANK0           cstackBANK0  0000
__Heeprom_data           eeprom_data  0000
__Hend_init              end_init     000C
__Hfunctab               functab      0000
__Hidloc                 idloc        2004
__Hinit                  init         000B
__Hintentry              intentry     000B
__Hmaintext              maintext     0000
__Hpowerup               powerup      0000
__Hram                   ram          0000
__Hreset_vec             reset_vec    0001
__Hsfr0                  sfr0         0000
__Hsfr1                  sfr1         0000
__Hspace_0               (abs)        006B
__Hspace_1               (abs)        0014
__Hspace_2               (abs)        0000
__Hspace_3               (abs)        0000
__Hspace_4               (abs)        400F
__Hstack                 stack        0000
__Hstrings               strings      0000
__Htext                  text         0000
__L__absolute__          __absolute__ 0000
__Labs1                  abs1         0000
__Lbank0                 bank0        0000
__Lbank1                 bank1        0000
__Lcinit                 cinit        000C
__Lclrtext               clrtext      0000
__Lcode                  code         0000
__Lcommon                common       0000
__Lconfig                config       0000
__LcstackBANK0           cstackBANK0  0000
__Leeprom_data           eeprom_data  0000
__Lend_init              end_init     000B
__Lfunctab               functab      0000
__Lidloc                 idloc        0000
__Linit                  init         000B
__Lintentry              intentry     0004
__Lmaintext              maintext     0000
__Lpowerup               powerup      0000
__Lram                   ram          0000
__Lreset_vec             reset_vec    0000
__Lsfr0                  sfr0         0000
__Lsfr1                  sfr1         0000
__Lspace_0               (abs)        0000
__Lspace_1               (abs)        0000
__Lspace_2               (abs)        0000
__Lspace_3               (abs)        0000
__Lspace_4               (abs)        0000
__Lstack                 stack        0000
__Lstrings               strings      0000
__Ltext                  text         0000
__S0                     (abs)        006B
__S1                     (abs)        0014
__S3                     (abs)        0000
___int_sp                stack        0000
___latbits               (abs)        0000
___sp                    stack        0000
___stackhi               (abs)        0000
___stacklo               (abs)        0000
__end_of_KESME           text1        0043
__end_of__initialization cinit        000C
__end_of_main            maintext     006B
__initialization         cinit        000C
__pcstackBANK0           cstackBANK0  000C
__pintentry              intentry     0004
__pmaintext              maintext     0043
__ptext1                 text1        000E
_main                    maintext     0043
btemp                    (abs)        004E
end_of_initialization    cinit        000C
interrupt_function       intentry     0004
intlevel0                functab      0000
intlevel1                functab      0000
intlevel2                functab      0000
intlevel3                functab      0000
intlevel4                functab      0000
intlevel5                functab      0000
reset_vec                reset_vec    0000
saved_w                  (abs)        004E
start                    init         000B
start_initialization     cinit        000C
wtemp0                   (abs)        004E


MODULE INFORMATION

Module		Function		Class		Link	Load	Size
PORTB_KESME.c
		_main          		CODE           	0043	0000	40
		_KESME         		CODE           	000E	0000	53

PORTB_KESME.c estimated size: 93

shared
		__initialization		CODE           	000C	0000	1

shared estimated size: 1

